2026-03-06 12:05:51.520 [N/A] [] [background-preinit] INFO  o.h.validator.internal.util.Version - HV000001: Hibernate Validator 8.0.1.Final
2026-03-06 12:05:51.837 [N/A] [] [main] INFO  c.telusko.demo.TaskmgmtApplication - Starting TaskmgmtApplication using Java 17.0.12 with PID 9672 (C:\Users\opentaps\Downloads\taskmgmt\demo\target\classes started by opentaps in C:\Users\opentaps\Downloads\taskmgmt)
2026-03-06 12:05:51.838 [N/A] [] [main] DEBUG c.telusko.demo.TaskmgmtApplication - Running with Spring Boot v3.3.3, Spring v6.1.12
2026-03-06 12:05:51.839 [N/A] [] [main] INFO  c.telusko.demo.TaskmgmtApplication - No active profile set, falling back to 1 default profile: "default"
2026-03-06 12:05:51.842 [N/A] [] [main] DEBUG o.s.boot.SpringApplication - Loading source class com.telusko.demo.TaskmgmtApplication
2026-03-06 12:05:52.016 [N/A] [] [main] DEBUG o.s.b.w.s.c.AnnotationConfigServletWebServerApplicationContext - Refreshing org.springframework.boot.web.servlet.context.AnnotationConfigServletWebServerApplicationContext@49c6c24f
2026-03-06 12:05:52.141 [N/A] [] [main] DEBUG o.s.b.f.s.DefaultListableBeanFactory - Creating shared instance of singleton bean 'org.springframework.context.annotation.internalConfigurationAnnotationProcessor'
2026-03-06 12:05:52.259 [N/A] [] [main] DEBUG o.s.b.f.s.DefaultListableBeanFactory - Creating shared instance of singleton bean 'org.springframework.boot.autoconfigure.internalCachingMetadataReaderFactory'
2026-03-06 12:05:52.487 [N/A] [] [main] DEBUG o.s.c.a.ClassPathBeanDefinitionScanner - Identified candidate component class: file [C:\Users\opentaps\Downloads\taskmgmt\demo\target\classes\com\telusko\demo\config\KafkaConfig.class]
2026-03-06 12:05:52.489 [N/A] [] [main] DEBUG o.s.c.a.ClassPathBeanDefinitionScanner - Identified candidate component class: file [C:\Users\opentaps\Downloads\taskmgmt\demo\target\classes\com\telusko\demo\config\KafkaConsumerConfig.class]
2026-03-06 12:05:52.496 [N/A] [] [main] DEBUG o.s.c.a.ClassPathBeanDefinitionScanner - Identified candidate component class: file [C:\Users\opentaps\Downloads\taskmgmt\demo\target\classes\com\telusko\demo\config\SecurityConfig.class]
2026-03-06 12:05:52.549 [N/A] [] [main] DEBUG o.s.c.a.ClassPathBeanDefinitionScanner - Identified candidate component class: file [C:\Users\opentaps\Downloads\taskmgmt\demo\target\classes\com\telusko\demo\controller\AuthController.class]
2026-03-06 12:05:52.551 [N/A] [] [main] DEBUG o.s.c.a.ClassPathBeanDefinitionScanner - Identified candidate component class: file [C:\Users\opentaps\Downloads\taskmgmt\demo\target\classes\com\telusko\demo\controller\BugAttachmentController.class]
2026-03-06 12:05:52.552 [N/A] [] [main] DEBUG o.s.c.a.ClassPathBeanDefinitionScanner - Identified candidate component class: file [C:\Users\opentaps\Downloads\taskmgmt\demo\target\classes\com\telusko\demo\controller\BugController.class]
2026-03-06 12:05:52.555 [N/A] [] [main] DEBUG o.s.c.a.ClassPathBeanDefinitionScanner - Identified candidate component class: file [C:\Users\opentaps\Downloads\taskmgmt\demo\target\classes\com\telusko\demo\controller\BurndownController.class]
2026-03-06 12:05:52.557 [N/A] [] [main] DEBUG o.s.c.a.ClassPathBeanDefinitionScanner - Identified candidate component class: file [C:\Users\opentaps\Downloads\taskmgmt\demo\target\classes\com\telusko\demo\controller\commentcontroller.class]
2026-03-06 12:05:52.574 [N/A] [] [main] DEBUG o.s.c.a.ClassPathBeanDefinitionScanner - Identified candidate component class: file [C:\Users\opentaps\Downloads\taskmgmt\demo\target\classes\com\telusko\demo\controller\featurecontroller.class]
2026-03-06 12:05:52.578 [N/A] [] [main] DEBUG o.s.c.a.ClassPathBeanDefinitionScanner - Identified candidate component class: file [C:\Users\opentaps\Downloads\taskmgmt\demo\target\classes\com\telusko\demo\controller\LeaveController.class]
2026-03-06 12:05:52.580 [N/A] [] [main] DEBUG o.s.c.a.ClassPathBeanDefinitionScanner - Identified candidate component class: file [C:\Users\opentaps\Downloads\taskmgmt\demo\target\classes\com\telusko\demo\controller\logincontroller.class]
2026-03-06 12:05:52.585 [N/A] [] [main] DEBUG o.s.c.a.ClassPathBeanDefinitionScanner - Identified candidate component class: file [C:\Users\opentaps\Downloads\taskmgmt\demo\target\classes\com\telusko\demo\controller\NotificationController.class]
2026-03-06 12:05:52.586 [N/A] [] [main] DEBUG o.s.c.a.ClassPathBeanDefinitionScanner - Identified candidate component class: file [C:\Users\opentaps\Downloads\taskmgmt\demo\target\classes\com\telusko\demo\controller\Prioritycontroller.class]
2026-03-06 12:05:52.587 [N/A] [] [main] DEBUG o.s.c.a.ClassPathBeanDefinitionScanner - Identified candidate component class: file [C:\Users\opentaps\Downloads\taskmgmt\demo\target\classes\com\telusko\demo\controller\profilecontroller.class]
2026-03-06 12:05:52.589 [N/A] [] [main] DEBUG o.s.c.a.ClassPathBeanDefinitionScanner - Identified candidate component class: file [C:\Users\opentaps\Downloads\taskmgmt\demo\target\classes\com\telusko\demo\controller\projectcontroller.class]
2026-03-06 12:05:52.590 [N/A] [] [main] DEBUG o.s.c.a.ClassPathBeanDefinitionScanner - Identified candidate component class: file [C:\Users\opentaps\Downloads\taskmgmt\demo\target\classes\com\telusko\demo\controller\ReactForwardController.class]
2026-03-06 12:05:52.593 [N/A] [] [main] DEBUG o.s.c.a.ClassPathBeanDefinitionScanner - Identified candidate component class: file [C:\Users\opentaps\Downloads\taskmgmt\demo\target\classes\com\telusko\demo\controller\RoleController.class]
2026-03-06 12:05:52.596 [N/A] [] [main] DEBUG o.s.c.a.ClassPathBeanDefinitionScanner - Identified candidate component class: file [C:\Users\opentaps\Downloads\taskmgmt\demo\target\classes\com\telusko\demo\controller\sprintcontroller.class]
2026-03-06 12:05:52.599 [N/A] [] [main] DEBUG o.s.c.a.ClassPathBeanDefinitionScanner - Identified candidate component class: file [C:\Users\opentaps\Downloads\taskmgmt\demo\target\classes\com\telusko\demo\controller\TaskController.class]
2026-03-06 12:05:52.601 [N/A] [] [main] DEBUG o.s.c.a.ClassPathBeanDefinitionScanner - Identified candidate component class: file [C:\Users\opentaps\Downloads\taskmgmt\demo\target\classes\com\telusko\demo\controller\TaskSprintTrackController.class]
2026-03-06 12:05:52.603 [N/A] [] [main] DEBUG o.s.c.a.ClassPathBeanDefinitionScanner - Identified candidate component class: file [C:\Users\opentaps\Downloads\taskmgmt\demo\target\classes\com\telusko\demo\controller\task_statuscontroller.class]
2026-03-06 12:05:52.605 [N/A] [] [main] DEBUG o.s.c.a.ClassPathBeanDefinitionScanner - Identified candidate component class: file [C:\Users\opentaps\Downloads\taskmgmt\demo\target\classes\com\telusko\demo\controller\Task_typecontroller.class]
2026-03-06 12:05:52.608 [N/A] [] [main] DEBUG o.s.c.a.ClassPathBeanDefinitionScanner - Identified candidate component class: file [C:\Users\opentaps\Downloads\taskmgmt\demo\target\classes\com\telusko\demo\controller\teamController.class]
2026-03-06 12:05:52.614 [N/A] [] [main] DEBUG o.s.c.a.ClassPathBeanDefinitionScanner - Identified candidate component class: file [C:\Users\opentaps\Downloads\taskmgmt\demo\target\classes\com\telusko\demo\controller\TimeSheetController.class]
2026-03-06 12:05:52.618 [N/A] [] [main] DEBUG o.s.c.a.ClassPathBeanDefinitionScanner - Identified candidate component class: file [C:\Users\opentaps\Downloads\taskmgmt\demo\target\classes\com\telusko\demo\controller\UserProfileController.class]
2026-03-06 12:05:52.622 [N/A] [] [main] DEBUG o.s.c.a.ClassPathBeanDefinitionScanner - Identified candidate component class: file [C:\Users\opentaps\Downloads\taskmgmt\demo\target\classes\com\telusko\demo\controller\userRegisterController.class]
2026-03-06 12:05:52.628 [N/A] [] [main] DEBUG o.s.c.a.ClassPathBeanDefinitionScanner - Identified candidate component class: file [C:\Users\opentaps\Downloads\taskmgmt\demo\target\classes\com\telusko\demo\controller\userstorycontroller.class]
2026-03-06 12:05:52.979 [N/A] [] [main] DEBUG o.s.c.a.ClassPathBeanDefinitionScanner - Identified candidate component class: file [C:\Users\opentaps\Downloads\taskmgmt\demo\target\classes\com\telusko\demo\exception\GlobalExceptionHandler.class]
2026-03-06 12:05:52.997 [N/A] [] [main] DEBUG o.s.c.a.ClassPathBeanDefinitionScanner - Identified candidate component class: file [C:\Users\opentaps\Downloads\taskmgmt\demo\target\classes\com\telusko\demo\listener\NotificationEventListener.class]
2026-03-06 12:05:53.197 [N/A] [] [main] DEBUG o.s.c.a.ClassPathBeanDefinitionScanner - Ignored because not a concrete top-level class: file [C:\Users\opentaps\Downloads\taskmgmt\demo\target\classes\com\telusko\demo\repo\BugAttachmentRepo.class]
2026-03-06 12:05:53.202 [N/A] [] [main] DEBUG o.s.c.a.ClassPathBeanDefinitionScanner - Ignored because not a concrete top-level class: file [C:\Users\opentaps\Downloads\taskmgmt\demo\target\classes\com\telusko\demo\repo\BugRepo.class]
2026-03-06 12:05:53.205 [N/A] [] [main] DEBUG o.s.c.a.ClassPathBeanDefinitionScanner - Ignored because not a concrete top-level class: file [C:\Users\opentaps\Downloads\taskmgmt\demo\target\classes\com\telusko\demo\repo\commentrepo.class]
2026-03-06 12:05:53.209 [N/A] [] [main] DEBUG o.s.c.a.ClassPathBeanDefinitionScanner - Ignored because not a concrete top-level class: file [C:\Users\opentaps\Downloads\taskmgmt\demo\target\classes\com\telusko\demo\repo\createsprintrepo.class]
2026-03-06 12:05:53.211 [N/A] [] [main] DEBUG o.s.c.a.ClassPathBeanDefinitionScanner - Ignored because not a concrete top-level class: file [C:\Users\opentaps\Downloads\taskmgmt\demo\target\classes\com\telusko\demo\repo\featurerepo.class]
2026-03-06 12:05:53.214 [N/A] [] [main] DEBUG o.s.c.a.ClassPathBeanDefinitionScanner - Ignored because not a concrete top-level class: file [C:\Users\opentaps\Downloads\taskmgmt\demo\target\classes\com\telusko\demo\repo\LeaveBalanceRepo.class]
2026-03-06 12:05:53.220 [N/A] [] [main] DEBUG o.s.c.a.ClassPathBeanDefinitionScanner - Ignored because not a concrete top-level class: file [C:\Users\opentaps\Downloads\taskmgmt\demo\target\classes\com\telusko\demo\repo\LeaveRequestRepo.class]
2026-03-06 12:05:53.223 [N/A] [] [main] DEBUG o.s.c.a.ClassPathBeanDefinitionScanner - Ignored because not a concrete top-level class: file [C:\Users\opentaps\Downloads\taskmgmt\demo\target\classes\com\telusko\demo\repo\new_task_repo.class]
2026-03-06 12:05:53.226 [N/A] [] [main] DEBUG o.s.c.a.ClassPathBeanDefinitionScanner - Ignored because not a concrete top-level class: file [C:\Users\opentaps\Downloads\taskmgmt\demo\target\classes\com\telusko\demo\repo\NotificationRepository.class]
2026-03-06 12:05:53.228 [N/A] [] [main] DEBUG o.s.c.a.ClassPathBeanDefinitionScanner - Ignored because not a concrete top-level class: file [C:\Users\opentaps\Downloads\taskmgmt\demo\target\classes\com\telusko\demo\repo\PasswordResetTokenRepository.class]
2026-03-06 12:05:53.230 [N/A] [] [main] DEBUG o.s.c.a.ClassPathBeanDefinitionScanner - Ignored because not a concrete top-level class: file [C:\Users\opentaps\Downloads\taskmgmt\demo\target\classes\com\telusko\demo\repo\PermissionRepository.class]
2026-03-06 12:05:53.233 [N/A] [] [main] DEBUG o.s.c.a.ClassPathBeanDefinitionScanner - Ignored because not a concrete top-level class: file [C:\Users\opentaps\Downloads\taskmgmt\demo\target\classes\com\telusko\demo\repo\profilerepo.class]
2026-03-06 12:05:53.234 [N/A] [] [main] DEBUG o.s.c.a.ClassPathBeanDefinitionScanner - Ignored because not a concrete top-level class: file [C:\Users\opentaps\Downloads\taskmgmt\demo\target\classes\com\telusko\demo\repo\ProjectRepository.class]
2026-03-06 12:05:53.236 [N/A] [] [main] DEBUG o.s.c.a.ClassPathBeanDefinitionScanner - Ignored because not a concrete top-level class: file [C:\Users\opentaps\Downloads\taskmgmt\demo\target\classes\com\telusko\demo\repo\RefreshTokenRepository.class]
2026-03-06 12:05:53.238 [N/A] [] [main] DEBUG o.s.c.a.ClassPathBeanDefinitionScanner - Ignored because not a concrete top-level class: file [C:\Users\opentaps\Downloads\taskmgmt\demo\target\classes\com\telusko\demo\repo\Rolerepo.class]
2026-03-06 12:05:53.239 [N/A] [] [main] DEBUG o.s.c.a.ClassPathBeanDefinitionScanner - Ignored because not a concrete top-level class: file [C:\Users\opentaps\Downloads\taskmgmt\demo\target\classes\com\telusko\demo\repo\RoleRepository.class]
2026-03-06 12:05:53.240 [N/A] [] [main] DEBUG o.s.c.a.ClassPathBeanDefinitionScanner - Ignored because not a concrete top-level class: file [C:\Users\opentaps\Downloads\taskmgmt\demo\target\classes\com\telusko\demo\repo\SprintBurndownRepository.class]
2026-03-06 12:05:53.242 [N/A] [] [main] DEBUG o.s.c.a.ClassPathBeanDefinitionScanner - Ignored because not a concrete top-level class: file [C:\Users\opentaps\Downloads\taskmgmt\demo\target\classes\com\telusko\demo\repo\sprintrepo.class]
2026-03-06 12:05:53.245 [N/A] [] [main] DEBUG o.s.c.a.ClassPathBeanDefinitionScanner - Ignored because not a concrete top-level class: file [C:\Users\opentaps\Downloads\taskmgmt\demo\target\classes\com\telusko\demo\repo\TaskRepository.class]
2026-03-06 12:05:53.246 [N/A] [] [main] DEBUG o.s.c.a.ClassPathBeanDefinitionScanner - Ignored because not a concrete top-level class: file [C:\Users\opentaps\Downloads\taskmgmt\demo\target\classes\com\telusko\demo\repo\TaskSprintTrackRepo.class]
2026-03-06 12:05:53.248 [N/A] [] [main] DEBUG o.s.c.a.ClassPathBeanDefinitionScanner - Ignored because not a concrete top-level class: file [C:\Users\opentaps\Downloads\taskmgmt\demo\target\classes\com\telusko\demo\repo\TaskTrackRepo.class]
2026-03-06 12:05:53.249 [N/A] [] [main] DEBUG o.s.c.a.ClassPathBeanDefinitionScanner - Ignored because not a concrete top-level class: file [C:\Users\opentaps\Downloads\taskmgmt\demo\target\classes\com\telusko\demo\repo\Task_statusrepo.class]
2026-03-06 12:05:53.250 [N/A] [] [main] DEBUG o.s.c.a.ClassPathBeanDefinitionScanner - Ignored because not a concrete top-level class: file [C:\Users\opentaps\Downloads\taskmgmt\demo\target\classes\com\telusko\demo\repo\Task_typerepo.class]
2026-03-06 12:05:53.252 [N/A] [] [main] DEBUG o.s.c.a.ClassPathBeanDefinitionScanner - Ignored because not a concrete top-level class: file [C:\Users\opentaps\Downloads\taskmgmt\demo\target\classes\com\telusko\demo\repo\Teamrepo.class]
2026-03-06 12:05:53.253 [N/A] [] [main] DEBUG o.s.c.a.ClassPathBeanDefinitionScanner - Ignored because not a concrete top-level class: file [C:\Users\opentaps\Downloads\taskmgmt\demo\target\classes\com\telusko\demo\repo\TimeSheetsEntryRepo.class]
2026-03-06 12:05:53.255 [N/A] [] [main] DEBUG o.s.c.a.ClassPathBeanDefinitionScanner - Ignored because not a concrete top-level class: file [C:\Users\opentaps\Downloads\taskmgmt\demo\target\classes\com\telusko\demo\repo\TimeSheetsRepo.class]
2026-03-06 12:05:53.257 [N/A] [] [main] DEBUG o.s.c.a.ClassPathBeanDefinitionScanner - Ignored because not a concrete top-level class: file [C:\Users\opentaps\Downloads\taskmgmt\demo\target\classes\com\telusko\demo\repo\userstoryrepo.class]
2026-03-06 12:05:53.259 [N/A] [] [main] DEBUG o.s.c.a.ClassPathBeanDefinitionScanner - Ignored because not a concrete top-level class: file [C:\Users\opentaps\Downloads\taskmgmt\demo\target\classes\com\telusko\demo\repo\WorkTypeRepo.class]
2026-03-06 12:05:53.265 [N/A] [] [main] DEBUG o.s.c.a.ClassPathBeanDefinitionScanner - Identified candidate component class: file [C:\Users\opentaps\Downloads\taskmgmt\demo\target\classes\com\telusko\demo\scheduler\SprintScheduler.class]
2026-03-06 12:05:53.270 [N/A] [] [main] DEBUG o.s.c.a.ClassPathBeanDefinitionScanner - Identified candidate component class: file [C:\Users\opentaps\Downloads\taskmgmt\demo\target\classes\com\telusko\demo\security\CustomPermissionEvaluator.class]
2026-03-06 12:05:53.271 [N/A] [] [main] DEBUG o.s.c.a.ClassPathBeanDefinitionScanner - Identified candidate component class: file [C:\Users\opentaps\Downloads\taskmgmt\demo\target\classes\com\telusko\demo\security\JwtAuthenticationFilter.class]
2026-03-06 12:05:53.274 [N/A] [] [main] DEBUG o.s.c.a.ClassPathBeanDefinitionScanner - Identified candidate component class: file [C:\Users\opentaps\Downloads\taskmgmt\demo\target\classes\com\telusko\demo\security\JwtService.class]
2026-03-06 12:05:53.282 [N/A] [] [main] DEBUG o.s.c.a.ClassPathBeanDefinitionScanner - Identified candidate component class: file [C:\Users\opentaps\Downloads\taskmgmt\demo\target\classes\com\telusko\demo\service\AuthService.class]
2026-03-06 12:05:53.283 [N/A] [] [main] DEBUG o.s.c.a.ClassPathBeanDefinitionScanner - Identified candidate component class: file [C:\Users\opentaps\Downloads\taskmgmt\demo\target\classes\com\telusko\demo\service\BugAttachmentService.class]
2026-03-06 12:05:53.284 [N/A] [] [main] DEBUG o.s.c.a.ClassPathBeanDefinitionScanner - Identified candidate component class: file [C:\Users\opentaps\Downloads\taskmgmt\demo\target\classes\com\telusko\demo\service\BugService.class]
2026-03-06 12:05:53.286 [N/A] [] [main] DEBUG o.s.c.a.ClassPathBeanDefinitionScanner - Identified candidate component class: file [C:\Users\opentaps\Downloads\taskmgmt\demo\target\classes\com\telusko\demo\service\BurndownService.class]
2026-03-06 12:05:53.288 [N/A] [] [main] DEBUG o.s.c.a.ClassPathBeanDefinitionScanner - Identified candidate component class: file [C:\Users\opentaps\Downloads\taskmgmt\demo\target\classes\com\telusko\demo\service\commentService.class]
2026-03-06 12:05:53.290 [N/A] [] [main] DEBUG o.s.c.a.ClassPathBeanDefinitionScanner - Identified candidate component class: file [C:\Users\opentaps\Downloads\taskmgmt\demo\target\classes\com\telusko\demo\service\CustomUserDetailsService.class]
2026-03-06 12:05:53.297 [N/A] [] [main] DEBUG o.s.c.a.ClassPathBeanDefinitionScanner - Identified candidate component class: file [C:\Users\opentaps\Downloads\taskmgmt\demo\target\classes\com\telusko\demo\service\EventPublisher.class]
2026-03-06 12:05:53.301 [N/A] [] [main] DEBUG o.s.c.a.ClassPathBeanDefinitionScanner - Identified candidate component class: file [C:\Users\opentaps\Downloads\taskmgmt\demo\target\classes\com\telusko\demo\service\featureservice.class]
2026-03-06 12:05:53.306 [N/A] [] [main] DEBUG o.s.c.a.ClassPathBeanDefinitionScanner - Identified candidate component class: file [C:\Users\opentaps\Downloads\taskmgmt\demo\target\classes\com\telusko\demo\service\LeaveService.class]
2026-03-06 12:05:53.308 [N/A] [] [main] DEBUG o.s.c.a.ClassPathBeanDefinitionScanner - Identified candidate component class: file [C:\Users\opentaps\Downloads\taskmgmt\demo\target\classes\com\telusko\demo\service\loginservice.class]
2026-03-06 12:05:53.309 [N/A] [] [main] DEBUG o.s.c.a.ClassPathBeanDefinitionScanner - Identified candidate component class: file [C:\Users\opentaps\Downloads\taskmgmt\demo\target\classes\com\telusko\demo\service\new_task_service.class]
2026-03-06 12:05:53.311 [N/A] [] [main] DEBUG o.s.c.a.ClassPathBeanDefinitionScanner - Identified candidate component class: file [C:\Users\opentaps\Downloads\taskmgmt\demo\target\classes\com\telusko\demo\service\NotificationService.class]
2026-03-06 12:05:53.314 [N/A] [] [main] DEBUG o.s.c.a.ClassPathBeanDefinitionScanner - Identified candidate component class: file [C:\Users\opentaps\Downloads\taskmgmt\demo\target\classes\com\telusko\demo\service\profileservice.class]
2026-03-06 12:05:53.316 [N/A] [] [main] DEBUG o.s.c.a.ClassPathBeanDefinitionScanner - Identified candidate component class: file [C:\Users\opentaps\Downloads\taskmgmt\demo\target\classes\com\telusko\demo\service\projectservice.class]
2026-03-06 12:05:53.317 [N/A] [] [main] DEBUG o.s.c.a.ClassPathBeanDefinitionScanner - Identified candidate component class: file [C:\Users\opentaps\Downloads\taskmgmt\demo\target\classes\com\telusko\demo\service\RolePermissionService.class]
2026-03-06 12:05:53.320 [N/A] [] [main] DEBUG o.s.c.a.ClassPathBeanDefinitionScanner - Identified candidate component class: file [C:\Users\opentaps\Downloads\taskmgmt\demo\target\classes\com\telusko\demo\service\sprintservice.class]
2026-03-06 12:05:53.322 [N/A] [] [main] DEBUG o.s.c.a.ClassPathBeanDefinitionScanner - Identified candidate component class: file [C:\Users\opentaps\Downloads\taskmgmt\demo\target\classes\com\telusko\demo\service\Taskservice.class]
2026-03-06 12:05:53.324 [N/A] [] [main] DEBUG o.s.c.a.ClassPathBeanDefinitionScanner - Identified candidate component class: file [C:\Users\opentaps\Downloads\taskmgmt\demo\target\classes\com\telusko\demo\service\TaskSprintTrackService.class]
2026-03-06 12:05:53.326 [N/A] [] [main] DEBUG o.s.c.a.ClassPathBeanDefinitionScanner - Identified candidate component class: file [C:\Users\opentaps\Downloads\taskmgmt\demo\target\classes\com\telusko\demo\service\TaskTrackService.class]
2026-03-06 12:05:53.328 [N/A] [] [main] DEBUG o.s.c.a.ClassPathBeanDefinitionScanner - Identified candidate component class: file [C:\Users\opentaps\Downloads\taskmgmt\demo\target\classes\com\telusko\demo\service\TeamService.class]
2026-03-06 12:05:53.331 [N/A] [] [main] DEBUG o.s.c.a.ClassPathBeanDefinitionScanner - Identified candidate component class: file [C:\Users\opentaps\Downloads\taskmgmt\demo\target\classes\com\telusko\demo\service\TimeSheetService.class]
2026-03-06 12:05:53.333 [N/A] [] [main] DEBUG o.s.c.a.ClassPathBeanDefinitionScanner - Identified candidate component class: file [C:\Users\opentaps\Downloads\taskmgmt\demo\target\classes\com\telusko\demo\service\userstoryservice.class]
2026-03-06 12:05:55.236 [N/A] [] [main] INFO  o.s.d.r.c.RepositoryConfigurationDelegate - Multiple Spring Data modules found, entering strict repository configuration mode
2026-03-06 12:05:55.240 [N/A] [] [main] INFO  o.s.d.r.c.RepositoryConfigurationDelegate - Bootstrapping Spring Data JPA repositories in DEFAULT mode.
2026-03-06 12:05:55.260 [N/A] [] [main] DEBUG o.s.b.f.s.DefaultListableBeanFactory - Creating shared instance of singleton bean 'org.springframework.boot.autoconfigure.AutoConfigurationPackages'
2026-03-06 12:05:55.275 [N/A] [] [main] DEBUG o.s.b.a.AutoConfigurationPackages - @EnableAutoConfiguration was declared on a class in the package 'com.telusko.demo'. Automatic @Repository and @Entity scanning is enabled.
2026-03-06 12:05:55.277 [N/A] [] [main] DEBUG o.s.d.r.c.RepositoryConfigurationDelegate - Scanning for JPA repositories in packages com.telusko.demo.
2026-03-06 12:05:55.318 [N/A] [] [main] DEBUG o.s.d.r.c.RepositoryComponentProvider - Identified candidate component class: file [C:\Users\opentaps\Downloads\taskmgmt\demo\target\classes\com\telusko\demo\repo\BugAttachmentRepo.class]
2026-03-06 12:05:55.318 [N/A] [] [main] DEBUG o.s.d.r.c.RepositoryComponentProvider - Identified candidate component class: file [C:\Users\opentaps\Downloads\taskmgmt\demo\target\classes\com\telusko\demo\repo\BugRepo.class]
2026-03-06 12:05:55.318 [N/A] [] [main] DEBUG o.s.d.r.c.RepositoryComponentProvider - Identified candidate component class: file [C:\Users\opentaps\Downloads\taskmgmt\demo\target\classes\com\telusko\demo\repo\commentrepo.class]
2026-03-06 12:05:55.318 [N/A] [] [main] DEBUG o.s.d.r.c.RepositoryComponentProvider - Identified candidate component class: file [C:\Users\opentaps\Downloads\taskmgmt\demo\target\classes\com\telusko\demo\repo\createsprintrepo.class]
2026-03-06 12:05:55.318 [N/A] [] [main] DEBUG o.s.d.r.c.RepositoryComponentProvider - Identified candidate component class: file [C:\Users\opentaps\Downloads\taskmgmt\demo\target\classes\com\telusko\demo\repo\featurerepo.class]
2026-03-06 12:05:55.318 [N/A] [] [main] DEBUG o.s.d.r.c.RepositoryComponentProvider - Identified candidate component class: file [C:\Users\opentaps\Downloads\taskmgmt\demo\target\classes\com\telusko\demo\repo\LeaveBalanceRepo.class]
2026-03-06 12:05:55.318 [N/A] [] [main] DEBUG o.s.d.r.c.RepositoryComponentProvider - Identified candidate component class: file [C:\Users\opentaps\Downloads\taskmgmt\demo\target\classes\com\telusko\demo\repo\LeaveRequestRepo.class]
2026-03-06 12:05:55.318 [N/A] [] [main] DEBUG o.s.d.r.c.RepositoryComponentProvider - Identified candidate component class: file [C:\Users\opentaps\Downloads\taskmgmt\demo\target\classes\com\telusko\demo\repo\new_task_repo.class]
2026-03-06 12:05:55.319 [N/A] [] [main] DEBUG o.s.d.r.c.RepositoryComponentProvider - Identified candidate component class: file [C:\Users\opentaps\Downloads\taskmgmt\demo\target\classes\com\telusko\demo\repo\NotificationRepository.class]
2026-03-06 12:05:55.319 [N/A] [] [main] DEBUG o.s.d.r.c.RepositoryComponentProvider - Identified candidate component class: file [C:\Users\opentaps\Downloads\taskmgmt\demo\target\classes\com\telusko\demo\repo\PasswordResetTokenRepository.class]
2026-03-06 12:05:55.320 [N/A] [] [main] DEBUG o.s.d.r.c.RepositoryComponentProvider - Identified candidate component class: file [C:\Users\opentaps\Downloads\taskmgmt\demo\target\classes\com\telusko\demo\repo\PermissionRepository.class]
2026-03-06 12:05:55.320 [N/A] [] [main] DEBUG o.s.d.r.c.RepositoryComponentProvider - Identified candidate component class: file [C:\Users\opentaps\Downloads\taskmgmt\demo\target\classes\com\telusko\demo\repo\Priorityrepo.class]
2026-03-06 12:05:55.320 [N/A] [] [main] DEBUG o.s.d.r.c.RepositoryComponentProvider - Identified candidate component class: file [C:\Users\opentaps\Downloads\taskmgmt\demo\target\classes\com\telusko\demo\repo\profilerepo.class]
2026-03-06 12:05:55.321 [N/A] [] [main] DEBUG o.s.d.r.c.RepositoryComponentProvider - Identified candidate component class: file [C:\Users\opentaps\Downloads\taskmgmt\demo\target\classes\com\telusko\demo\repo\ProjectRepository.class]
2026-03-06 12:05:55.321 [N/A] [] [main] DEBUG o.s.d.r.c.RepositoryComponentProvider - Identified candidate component class: file [C:\Users\opentaps\Downloads\taskmgmt\demo\target\classes\com\telusko\demo\repo\RefreshTokenRepository.class]
2026-03-06 12:05:55.321 [N/A] [] [main] DEBUG o.s.d.r.c.RepositoryComponentProvider - Identified candidate component class: file [C:\Users\opentaps\Downloads\taskmgmt\demo\target\classes\com\telusko\demo\repo\Rolerepo.class]
2026-03-06 12:05:55.321 [N/A] [] [main] DEBUG o.s.d.r.c.RepositoryComponentProvider - Identified candidate component class: file [C:\Users\opentaps\Downloads\taskmgmt\demo\target\classes\com\telusko\demo\repo\RoleRepository.class]
2026-03-06 12:05:55.322 [N/A] [] [main] DEBUG o.s.d.r.c.RepositoryComponentProvider - Identified candidate component class: file [C:\Users\opentaps\Downloads\taskmgmt\demo\target\classes\com\telusko\demo\repo\SprintBurndownRepository.class]
2026-03-06 12:05:55.322 [N/A] [] [main] DEBUG o.s.d.r.c.RepositoryComponentProvider - Identified candidate component class: file [C:\Users\opentaps\Downloads\taskmgmt\demo\target\classes\com\telusko\demo\repo\sprintrepo.class]
2026-03-06 12:05:55.322 [N/A] [] [main] DEBUG o.s.d.r.c.RepositoryComponentProvider - Identified candidate component class: file [C:\Users\opentaps\Downloads\taskmgmt\demo\target\classes\com\telusko\demo\repo\TaskRepository.class]
2026-03-06 12:05:55.322 [N/A] [] [main] DEBUG o.s.d.r.c.RepositoryComponentProvider - Identified candidate component class: file [C:\Users\opentaps\Downloads\taskmgmt\demo\target\classes\com\telusko\demo\repo\TaskSprintTrackRepo.class]
2026-03-06 12:05:55.322 [N/A] [] [main] DEBUG o.s.d.r.c.RepositoryComponentProvider - Identified candidate component class: file [C:\Users\opentaps\Downloads\taskmgmt\demo\target\classes\com\telusko\demo\repo\TaskTrackRepo.class]
2026-03-06 12:05:55.323 [N/A] [] [main] DEBUG o.s.d.r.c.RepositoryComponentProvider - Identified candidate component class: file [C:\Users\opentaps\Downloads\taskmgmt\demo\target\classes\com\telusko\demo\repo\Task_statusrepo.class]
2026-03-06 12:05:55.323 [N/A] [] [main] DEBUG o.s.d.r.c.RepositoryComponentProvider - Identified candidate component class: file [C:\Users\opentaps\Downloads\taskmgmt\demo\target\classes\com\telusko\demo\repo\Task_typerepo.class]
2026-03-06 12:05:55.323 [N/A] [] [main] DEBUG o.s.d.r.c.RepositoryComponentProvider - Identified candidate component class: file [C:\Users\opentaps\Downloads\taskmgmt\demo\target\classes\com\telusko\demo\repo\Teamrepo.class]
2026-03-06 12:05:55.323 [N/A] [] [main] DEBUG o.s.d.r.c.RepositoryComponentProvider - Identified candidate component class: file [C:\Users\opentaps\Downloads\taskmgmt\demo\target\classes\com\telusko\demo\repo\TimeSheetsEntryRepo.class]
2026-03-06 12:05:55.323 [N/A] [] [main] DEBUG o.s.d.r.c.RepositoryComponentProvider - Identified candidate component class: file [C:\Users\opentaps\Downloads\taskmgmt\demo\target\classes\com\telusko\demo\repo\TimeSheetsRepo.class]
2026-03-06 12:05:55.324 [N/A] [] [main] DEBUG o.s.d.r.c.RepositoryComponentProvider - Identified candidate component class: file [C:\Users\opentaps\Downloads\taskmgmt\demo\target\classes\com\telusko\demo\repo\userrepo.class]
2026-03-06 12:05:55.324 [N/A] [] [main] DEBUG o.s.d.r.c.RepositoryComponentProvider - Identified candidate component class: file [C:\Users\opentaps\Downloads\taskmgmt\demo\target\classes\com\telusko\demo\repo\userstoryrepo.class]
2026-03-06 12:05:55.324 [N/A] [] [main] DEBUG o.s.d.r.c.RepositoryComponentProvider - Identified candidate component class: file [C:\Users\opentaps\Downloads\taskmgmt\demo\target\classes\com\telusko\demo\repo\WorkTypeRepo.class]
2026-03-06 12:05:55.719 [N/A] [] [main] INFO  o.s.d.r.c.RepositoryConfigurationDelegate - Finished Spring Data repository scanning in 439 ms. Found 30 JPA repository interfaces.
2026-03-06 12:05:56.137 [N/A] [] [main] DEBUG o.s.b.f.s.DefaultListableBeanFactory - Creating shared instance of singleton bean 'springSecurityHandlerMappingIntrospectorBeanDefinitionRegistryPostProcessor'
2026-03-06 12:05:56.477 [N/A] [] [main] DEBUG o.s.b.f.s.DefaultListableBeanFactory - Creating shared instance of singleton bean 'propertySourcesPlaceholderConfigurer'
2026-03-06 12:05:56.486 [N/A] [] [main] DEBUG o.s.b.f.s.DefaultListableBeanFactory - Creating shared instance of singleton bean 'org.springframework.boot.sql.init.dependency.DatabaseInitializationDependencyConfigurer$DependsOnDatabaseInitializationPostProcessor'
2026-03-06 12:05:56.487 [N/A] [] [main] DEBUG o.s.b.f.s.DefaultListableBeanFactory - Creating shared instance of singleton bean 'emBeanDefinitionRegistrarPostProcessor'
2026-03-06 12:05:56.589 [N/A] [] [main] DEBUG o.s.b.f.s.DefaultListableBeanFactory - Creating shared instance of singleton bean 'org.springframework.context.event.internalEventListenerProcessor'
2026-03-06 12:05:56.596 [N/A] [] [main] DEBUG o.s.b.f.s.DefaultListableBeanFactory - Creating shared instance of singleton bean 'preserveErrorControllerTargetClassPostProcessor'
2026-03-06 12:05:56.597 [N/A] [] [main] DEBUG o.s.b.f.s.DefaultListableBeanFactory - Creating shared instance of singleton bean 'conversionServicePostProcessor'
2026-03-06 12:05:56.631 [N/A] [] [main] DEBUG o.s.b.f.s.DefaultListableBeanFactory - Creating shared instance of singleton bean 'org.springframework.context.event.internalEventListenerFactory'
2026-03-06 12:05:56.632 [N/A] [] [main] DEBUG o.s.b.f.s.DefaultListableBeanFactory - Creating shared instance of singleton bean 'org.springframework.transaction.config.internalTransactionalEventListenerFactory'
2026-03-06 12:05:56.641 [N/A] [] [main] DEBUG o.s.b.f.s.DefaultListableBeanFactory - Creating shared instance of singleton bean 'org.springframework.context.annotation.internalAutowiredAnnotationProcessor'
2026-03-06 12:05:56.645 [N/A] [] [main] DEBUG o.s.b.f.s.DefaultListableBeanFactory - Creating shared instance of singleton bean 'org.springframework.context.annotation.internalCommonAnnotationProcessor'
2026-03-06 12:05:56.653 [N/A] [] [main] DEBUG o.s.b.f.s.DefaultListableBeanFactory - Creating shared instance of singleton bean 'org.springframework.context.annotation.internalPersistenceAnnotationProcessor'
2026-03-06 12:05:56.654 [N/A] [] [main] DEBUG o.s.b.f.s.DefaultListableBeanFactory - Creating shared instance of singleton bean 'org.springframework.boot.context.properties.ConfigurationPropertiesBindingPostProcessor'
2026-03-06 12:05:56.655 [N/A] [] [main] DEBUG o.s.b.f.s.DefaultListableBeanFactory - Creating shared instance of singleton bean 'org.springframework.boot.context.internalConfigurationPropertiesBinder'
2026-03-06 12:05:56.660 [N/A] [] [main] DEBUG o.s.b.f.s.DefaultListableBeanFactory - Creating shared instance of singleton bean 'jdbcConnectionDetailsHikariBeanPostProcessor'
2026-03-06 12:05:56.666 [N/A] [] [main] DEBUG o.s.b.f.s.DefaultListableBeanFactory - Creating shared instance of singleton bean 'org.springframework.aop.config.internalAutoProxyCreator'
2026-03-06 12:05:56.789 [N/A] [] [main] DEBUG o.s.b.f.s.DefaultListableBeanFactory - Creating shared instance of singleton bean 'org.springframework.context.annotation.internalScheduledAnnotationProcessor'
2026-03-06 12:05:56.790 [N/A] [] [main] DEBUG o.s.b.f.s.DefaultListableBeanFactory - Creating shared instance of singleton bean 'org.springframework.scheduling.annotation.SchedulingConfiguration'
2026-03-06 12:05:56.819 [N/A] [] [main] DEBUG o.s.b.f.s.DefaultListableBeanFactory - Creating shared instance of singleton bean 'methodValidationPostProcessor'
2026-03-06 12:05:56.876 [N/A] [] [main] DEBUG o.s.b.f.s.DefaultListableBeanFactory - Autowiring by type from bean name 'methodValidationPostProcessor' via factory method to bean named 'environment'
2026-03-06 12:05:56.881 [N/A] [] [main] DEBUG o.s.b.f.s.DefaultListableBeanFactory - Creating shared instance of singleton bean 'org.springframework.boot.context.properties.EnableConfigurationPropertiesRegistrar.methodValidationExcludeFilter'
2026-03-06 12:05:56.912 [N/A] [] [main] DEBUG o.s.b.f.s.DefaultListableBeanFactory - Creating shared instance of singleton bean 'persistenceExceptionTranslationPostProcessor'
2026-03-06 12:05:56.914 [N/A] [] [main] DEBUG o.s.b.f.s.DefaultListableBeanFactory - Autowiring by type from bean name 'persistenceExceptionTranslationPostProcessor' via factory method to bean named 'environment'
2026-03-06 12:05:56.918 [N/A] [] [main] DEBUG o.s.b.f.s.DefaultListableBeanFactory - Creating shared instance of singleton bean 'org.springframework.kafka.config.internalKafkaListenerAnnotationProcessor'
2026-03-06 12:05:56.944 [N/A] [] [main] DEBUG o.s.b.f.s.DefaultListableBeanFactory - Creating shared instance of singleton bean 'webServerFactoryCustomizerBeanPostProcessor'
2026-03-06 12:05:56.945 [N/A] [] [main] DEBUG o.s.b.f.s.DefaultListableBeanFactory - Creating shared instance of singleton bean 'errorPageRegistrarBeanPostProcessor'
2026-03-06 12:05:56.948 [N/A] [] [main] DEBUG o.s.b.f.s.DefaultListableBeanFactory - Creating shared instance of singleton bean 'projectingArgumentResolverBeanPostProcessor'
2026-03-06 12:05:56.952 [N/A] [] [main] DEBUG o.s.b.f.s.DefaultListableBeanFactory - Creating shared instance of singleton bean 'preFilterAuthorizationAdvisor'
2026-03-06 12:05:56.954 [N/A] [] [main] DEBUG o.s.b.f.s.DefaultListableBeanFactory - Creating shared instance of singleton bean 'preFilterAuthorizationMethodInterceptor'
2026-03-06 12:05:57.005 [N/A] [] [main] DEBUG o.s.b.f.s.DefaultListableBeanFactory - Creating shared instance of singleton bean 'preAuthorizeAuthorizationAdvisor'
2026-03-06 12:05:57.006 [N/A] [] [main] DEBUG o.s.b.f.s.DefaultListableBeanFactory - Creating shared instance of singleton bean 'preAuthorizeAuthorizationMethodInterceptor'
2026-03-06 12:05:57.008 [N/A] [] [main] DEBUG o.s.b.f.s.DefaultListableBeanFactory - Creating shared instance of singleton bean 'postFilterAuthorizationAdvisor'
2026-03-06 12:05:57.008 [N/A] [] [main] DEBUG o.s.b.f.s.DefaultListableBeanFactory - Creating shared instance of singleton bean 'postFilterAuthorizationMethodInterceptor'
2026-03-06 12:05:57.010 [N/A] [] [main] DEBUG o.s.b.f.s.DefaultListableBeanFactory - Creating shared instance of singleton bean 'postAuthorizeAuthorizationAdvisor'
2026-03-06 12:05:57.010 [N/A] [] [main] DEBUG o.s.b.f.s.DefaultListableBeanFactory - Creating shared instance of singleton bean 'postAuthorizeAuthorizationMethodInterceptor'
2026-03-06 12:05:57.020 [N/A] [] [main] DEBUG o.s.b.f.s.DefaultListableBeanFactory - Creating shared instance of singleton bean 'authorizeReturnObjectAdvisor'
2026-03-06 12:05:57.022 [N/A] [] [main] DEBUG o.s.b.f.s.DefaultListableBeanFactory - Creating shared instance of singleton bean 'authorizeReturnObjectMethodInterceptor'
2026-03-06 12:05:57.046 [N/A] [] [main] DEBUG o.s.b.f.s.DefaultListableBeanFactory - Creating shared instance of singleton bean 'authorizationProxyFactory'
2026-03-06 12:05:57.095 [N/A] [] [main] DEBUG o.s.b.f.s.DefaultListableBeanFactory - Creating shared instance of singleton bean 'org.springframework.transaction.config.internalTransactionAdvisor'
2026-03-06 12:05:57.098 [N/A] [] [main] DEBUG o.s.b.f.s.DefaultListableBeanFactory - Creating shared instance of singleton bean 'org.springframework.transaction.annotation.ProxyTransactionManagementConfiguration'
2026-03-06 12:05:57.189 [N/A] [] [main] DEBUG o.s.b.f.s.DefaultListableBeanFactory - Creating shared instance of singleton bean 'transactionAttributeSource'
2026-03-06 12:05:57.203 [N/A] [] [main] DEBUG o.s.b.f.s.DefaultListableBeanFactory - Creating shared instance of singleton bean 'transactionInterceptor'
2026-03-06 12:05:57.205 [N/A] [] [main] DEBUG o.s.b.f.s.DefaultListableBeanFactory - Autowiring by type from bean name 'transactionInterceptor' via factory method to bean named 'transactionAttributeSource'
2026-03-06 12:05:57.228 [N/A] [] [main] DEBUG o.s.b.f.s.DefaultListableBeanFactory - Autowiring by type from bean name 'org.springframework.transaction.config.internalTransactionAdvisor' via factory method to bean named 'transactionAttributeSource'
2026-03-06 12:05:57.228 [N/A] [] [main] DEBUG o.s.b.f.s.DefaultListableBeanFactory - Autowiring by type from bean name 'org.springframework.transaction.config.internalTransactionAdvisor' via factory method to bean named 'transactionInterceptor'
2026-03-06 12:05:57.262 [N/A] [] [main] DEBUG o.s.b.f.s.DefaultListableBeanFactory - Autowiring by type from bean name 'authorizeReturnObjectMethodInterceptor' via factory method to bean named 'authorizationProxyFactory'
2026-03-06 12:05:57.522 [N/A] [] [main] DEBUG o.s.u.c.s.UiApplicationContextUtils - Unable to locate ThemeSource with name 'themeSource': using default [org.springframework.ui.context.support.ResourceBundleThemeSource@769bd849]
2026-03-06 12:05:57.523 [N/A] [] [main] DEBUG o.s.b.f.s.DefaultListableBeanFactory - Creating shared instance of singleton bean 'tomcatServletWebServerFactory'
2026-03-06 12:05:57.524 [N/A] [] [main] DEBUG o.s.b.f.s.DefaultListableBeanFactory - Creating shared instance of singleton bean 'org.springframework.boot.autoconfigure.web.servlet.ServletWebServerFactoryConfiguration$EmbeddedTomcat'
2026-03-06 12:05:57.731 [N/A] [] [main] DEBUG o.s.b.f.s.DefaultListableBeanFactory - Creating shared instance of singleton bean 'websocketServletWebServerCustomizer'
2026-03-06 12:05:57.731 [N/A] [] [main] DEBUG o.s.b.f.s.DefaultListableBeanFactory - Creating shared instance of singleton bean 'org.springframework.boot.autoconfigure.websocket.servlet.WebSocketServletAutoConfiguration$TomcatWebSocketConfiguration'
2026-03-06 12:05:57.739 [N/A] [] [main] DEBUG o.s.b.f.s.DefaultListableBeanFactory - Creating shared instance of singleton bean 'servletWebServerFactoryCustomizer'
2026-03-06 12:05:57.740 [N/A] [] [main] DEBUG o.s.b.f.s.DefaultListableBeanFactory - Creating shared instance of singleton bean 'org.springframework.boot.autoconfigure.web.servlet.ServletWebServerFactoryAutoConfiguration'
2026-03-06 12:05:57.745 [N/A] [] [main] DEBUG o.s.b.f.s.DefaultListableBeanFactory - Creating shared instance of singleton bean 'server-org.springframework.boot.autoconfigure.web.ServerProperties'
2026-03-06 12:05:57.822 [N/A] [] [main] DEBUG o.s.b.f.s.DefaultListableBeanFactory - Creating shared instance of singleton bean 'org.springframework.boot.context.properties.BoundConfigurationProperties'
2026-03-06 12:05:58.063 [N/A] [] [main] DEBUG o.s.b.f.s.DefaultListableBeanFactory - Autowiring by type from bean name 'servletWebServerFactoryCustomizer' via factory method to bean named 'server-org.springframework.boot.autoconfigure.web.ServerProperties'
2026-03-06 12:05:58.066 [N/A] [] [main] DEBUG o.s.b.f.s.DefaultListableBeanFactory - Creating shared instance of singleton bean 'sslBundleRegistry'
2026-03-06 12:05:58.067 [N/A] [] [main] DEBUG o.s.b.f.s.DefaultListableBeanFactory - Creating shared instance of singleton bean 'org.springframework.boot.autoconfigure.ssl.SslAutoConfiguration'
2026-03-06 12:05:58.068 [N/A] [] [main] DEBUG o.s.b.f.s.DefaultListableBeanFactory - Creating shared instance of singleton bean 'spring.ssl-org.springframework.boot.autoconfigure.ssl.SslProperties'
2026-03-06 12:05:58.072 [N/A] [] [main] DEBUG o.s.b.f.s.DefaultListableBeanFactory - Autowiring by type from bean name 'org.springframework.boot.autoconfigure.ssl.SslAutoConfiguration' via constructor to bean named 'spring.ssl-org.springframework.boot.autoconfigure.ssl.SslProperties'
2026-03-06 12:05:58.076 [N/A] [] [main] DEBUG o.s.b.f.s.DefaultListableBeanFactory - Creating shared instance of singleton bean 'sslPropertiesSslBundleRegistrar'
2026-03-06 12:05:58.077 [N/A] [] [main] DEBUG o.s.b.f.s.DefaultListableBeanFactory - Creating shared instance of singleton bean 'fileWatcher'
2026-03-06 12:05:58.080 [N/A] [] [main] DEBUG o.s.b.f.s.DefaultListableBeanFactory - Autowiring by type from bean name 'sslPropertiesSslBundleRegistrar' via factory method to bean named 'fileWatcher'
2026-03-06 12:05:58.156 [N/A] [] [main] DEBUG o.s.b.f.s.DefaultListableBeanFactory - Creating shared instance of singleton bean 'tomcatServletWebServerFactoryCustomizer'
2026-03-06 12:05:58.157 [N/A] [] [main] DEBUG o.s.b.f.s.DefaultListableBeanFactory - Autowiring by type from bean name 'tomcatServletWebServerFactoryCustomizer' via factory method to bean named 'server-org.springframework.boot.autoconfigure.web.ServerProperties'
2026-03-06 12:05:58.159 [N/A] [] [main] DEBUG o.s.b.f.s.DefaultListableBeanFactory - Creating shared instance of singleton bean 'tomcatWebServerFactoryCustomizer'
2026-03-06 12:05:58.160 [N/A] [] [main] DEBUG o.s.b.f.s.DefaultListableBeanFactory - Creating shared instance of singleton bean 'org.springframework.boot.autoconfigure.web.embedded.EmbeddedWebServerFactoryCustomizerAutoConfiguration$TomcatWebServerFactoryCustomizerConfiguration'
2026-03-06 12:05:58.164 [N/A] [] [main] DEBUG o.s.b.f.s.DefaultListableBeanFactory - Autowiring by type from bean name 'tomcatWebServerFactoryCustomizer' via factory method to bean named 'environment'
2026-03-06 12:05:58.164 [N/A] [] [main] DEBUG o.s.b.f.s.DefaultListableBeanFactory - Autowiring by type from bean name 'tomcatWebServerFactoryCustomizer' via factory method to bean named 'server-org.springframework.boot.autoconfigure.web.ServerProperties'
2026-03-06 12:05:58.169 [N/A] [] [main] DEBUG o.s.b.f.s.DefaultListableBeanFactory - Creating shared instance of singleton bean 'localeCharsetMappingsCustomizer'
2026-03-06 12:05:58.169 [N/A] [] [main] DEBUG o.s.b.f.s.DefaultListableBeanFactory - Creating shared instance of singleton bean 'org.springframework.boot.autoconfigure.web.servlet.HttpEncodingAutoConfiguration'
2026-03-06 12:05:58.171 [N/A] [] [main] DEBUG o.s.b.f.s.DefaultListableBeanFactory - Autowiring by type from bean name 'org.springframework.boot.autoconfigure.web.servlet.HttpEncodingAutoConfiguration' via constructor to bean named 'server-org.springframework.boot.autoconfigure.web.ServerProperties'
2026-03-06 12:05:58.252 [N/A] [] [main] DEBUG o.s.b.f.s.DefaultListableBeanFactory - Creating shared instance of singleton bean 'errorPageCustomizer'
2026-03-06 12:05:58.253 [N/A] [] [main] DEBUG o.s.b.f.s.DefaultListableBeanFactory - Creating shared instance of singleton bean 'org.springframework.boot.autoconfigure.web.servlet.error.ErrorMvcAutoConfiguration'
2026-03-06 12:05:58.254 [N/A] [] [main] DEBUG o.s.b.f.s.DefaultListableBeanFactory - Autowiring by type from bean name 'org.springframework.boot.autoconfigure.web.servlet.error.ErrorMvcAutoConfiguration' via constructor to bean named 'server-org.springframework.boot.autoconfigure.web.ServerProperties'
2026-03-06 12:05:58.264 [N/A] [] [main] DEBUG o.s.b.f.s.DefaultListableBeanFactory - Creating shared instance of singleton bean 'dispatcherServletRegistration'
2026-03-06 12:05:58.265 [N/A] [] [main] DEBUG o.s.b.f.s.DefaultListableBeanFactory - Creating shared instance of singleton bean 'org.springframework.boot.autoconfigure.web.servlet.DispatcherServletAutoConfiguration$DispatcherServletRegistrationConfiguration'
2026-03-06 12:05:58.271 [N/A] [] [main] DEBUG o.s.b.f.s.DefaultListableBeanFactory - Creating shared instance of singleton bean 'dispatcherServlet'
2026-03-06 12:05:58.271 [N/A] [] [main] DEBUG o.s.b.f.s.DefaultListableBeanFactory - Creating shared instance of singleton bean 'org.springframework.boot.autoconfigure.web.servlet.DispatcherServletAutoConfiguration$DispatcherServletConfiguration'
2026-03-06 12:05:58.274 [N/A] [] [main] DEBUG o.s.b.f.s.DefaultListableBeanFactory - Creating shared instance of singleton bean 'spring.mvc-org.springframework.boot.autoconfigure.web.servlet.WebMvcProperties'
2026-03-06 12:05:58.285 [N/A] [] [main] DEBUG o.s.b.f.s.DefaultListableBeanFactory - Autowiring by type from bean name 'dispatcherServlet' via factory method to bean named 'spring.mvc-org.springframework.boot.autoconfigure.web.servlet.WebMvcProperties'
2026-03-06 12:05:58.327 [N/A] [] [main] DEBUG o.s.b.f.s.DefaultListableBeanFactory - Autowiring by type from bean name 'dispatcherServletRegistration' via factory method to bean named 'dispatcherServlet'
2026-03-06 12:05:58.328 [N/A] [] [main] DEBUG o.s.b.f.s.DefaultListableBeanFactory - Autowiring by type from bean name 'dispatcherServletRegistration' via factory method to bean named 'spring.mvc-org.springframework.boot.autoconfigure.web.servlet.WebMvcProperties'
2026-03-06 12:05:58.330 [N/A] [] [main] DEBUG o.s.b.f.s.DefaultListableBeanFactory - Creating shared instance of singleton bean 'multipartConfigElement'
2026-03-06 12:05:58.331 [N/A] [] [main] DEBUG o.s.b.f.s.DefaultListableBeanFactory - Creating shared instance of singleton bean 'org.springframework.boot.autoconfigure.web.servlet.MultipartAutoConfiguration'
2026-03-06 12:05:58.332 [N/A] [] [main] DEBUG o.s.b.f.s.DefaultListableBeanFactory - Creating shared instance of singleton bean 'spring.servlet.multipart-org.springframework.boot.autoconfigure.web.servlet.MultipartProperties'
2026-03-06 12:05:58.344 [N/A] [] [main] DEBUG o.s.b.f.s.DefaultListableBeanFactory - Autowiring by type from bean name 'org.springframework.boot.autoconfigure.web.servlet.MultipartAutoConfiguration' via constructor to bean named 'spring.servlet.multipart-org.springframework.boot.autoconfigure.web.servlet.MultipartProperties'
2026-03-06 12:05:58.357 [N/A] [] [main] DEBUG o.s.b.f.s.DefaultListableBeanFactory - Autowiring by type from bean name 'errorPageCustomizer' via factory method to bean named 'dispatcherServletRegistration'
2026-03-06 12:05:58.913 [N/A] [] [main] DEBUG o.s.b.w.e.t.TomcatServletWebServerFactory - Code archive: C:\Users\opentaps\.m2\repository\org\springframework\boot\spring-boot\3.3.3\spring-boot-3.3.3.jar
2026-03-06 12:05:58.915 [N/A] [] [main] DEBUG o.s.b.w.e.t.TomcatServletWebServerFactory - Code archive: C:\Users\opentaps\.m2\repository\org\springframework\boot\spring-boot\3.3.3\spring-boot-3.3.3.jar
2026-03-06 12:05:58.916 [N/A] [] [main] DEBUG o.s.b.w.e.t.TomcatServletWebServerFactory - None of the document roots [src/main/webapp, public, static] point to a directory and will be ignored.
2026-03-06 12:05:59.102 [N/A] [] [main] INFO  o.s.b.w.e.tomcat.TomcatWebServer - Tomcat initialized with port 8080 (http)
2026-03-06 12:05:59.230 [N/A] [] [main] INFO  o.a.coyote.http11.Http11NioProtocol - Initializing ProtocolHandler ["http-nio-0.0.0.0-8080"]
2026-03-06 12:05:59.244 [N/A] [] [main] INFO  o.a.catalina.core.StandardService - Starting service [Tomcat]
2026-03-06 12:05:59.244 [N/A] [] [main] INFO  o.a.catalina.core.StandardEngine - Starting Servlet engine: [Apache Tomcat/10.1.28]
2026-03-06 12:05:59.541 [N/A] [] [main] INFO  o.a.c.c.C.[Tomcat].[localhost].[/] - Initializing Spring embedded WebApplicationContext
2026-03-06 12:05:59.541 [N/A] [] [main] DEBUG o.s.b.w.s.c.ServletWebServerApplicationContext - Published root WebApplicationContext as ServletContext attribute with name [org.springframework.web.context.WebApplicationContext.ROOT]
2026-03-06 12:05:59.541 [N/A] [] [main] INFO  o.s.b.w.s.c.ServletWebServerApplicationContext - Root WebApplicationContext: initialization completed in 7525 ms
2026-03-06 12:05:59.547 [N/A] [] [main] DEBUG o.s.b.f.s.DefaultListableBeanFactory - Creating shared instance of singleton bean 'securityFilterChainRegistration'
2026-03-06 12:05:59.547 [N/A] [] [main] DEBUG o.s.b.f.s.DefaultListableBeanFactory - Creating shared instance of singleton bean 'org.springframework.boot.autoconfigure.security.servlet.SecurityFilterAutoConfiguration'
2026-03-06 12:05:59.552 [N/A] [] [main] DEBUG o.s.b.f.s.DefaultListableBeanFactory - Creating shared instance of singleton bean 'spring.security-org.springframework.boot.autoconfigure.security.SecurityProperties'
2026-03-06 12:05:59.557 [N/A] [] [main] DEBUG o.s.b.f.s.DefaultListableBeanFactory - Autowiring by type from bean name 'securityFilterChainRegistration' via factory method to bean named 'spring.security-org.springframework.boot.autoconfigure.security.SecurityProperties'
2026-03-06 12:05:59.572 [N/A] [] [main] DEBUG o.s.b.f.s.DefaultListableBeanFactory - Creating shared instance of singleton bean 'jwtAuthenticationFilter'
2026-03-06 12:05:59.576 [N/A] [] [main] DEBUG o.s.b.f.s.DefaultListableBeanFactory - Creating shared instance of singleton bean 'jwtService'
2026-03-06 12:05:59.593 [N/A] [] [main] DEBUG o.s.b.f.s.DefaultListableBeanFactory - Creating shared instance of singleton bean 'userrepo'
2026-03-06 12:05:59.614 [N/A] [] [main] DEBUG o.s.b.f.s.DefaultListableBeanFactory - Creating shared instance of singleton bean 'jpa.named-queries#20'
2026-03-06 12:05:59.625 [N/A] [] [main] DEBUG o.s.b.f.s.DefaultListableBeanFactory - Creating shared instance of singleton bean 'jpa.userrepo.fragments#0'
2026-03-06 12:05:59.640 [N/A] [] [main] DEBUG o.s.b.f.s.DefaultListableBeanFactory - Creating shared instance of singleton bean 'jpaSharedEM_entityManagerFactory'
2026-03-06 12:05:59.641 [N/A] [] [main] DEBUG o.s.b.f.s.DefaultListableBeanFactory - Creating shared instance of singleton bean 'dataSourceScriptDatabaseInitializer'
2026-03-06 12:05:59.641 [N/A] [] [main] DEBUG o.s.b.f.s.DefaultListableBeanFactory - Creating shared instance of singleton bean 'org.springframework.boot.autoconfigure.sql.init.DataSourceInitializationConfiguration'
2026-03-06 12:05:59.646 [N/A] [] [main] DEBUG o.s.b.f.s.DefaultListableBeanFactory - Creating shared instance of singleton bean 'dataSource'
2026-03-06 12:05:59.646 [N/A] [] [main] DEBUG o.s.b.f.s.DefaultListableBeanFactory - Creating shared instance of singleton bean 'org.springframework.boot.autoconfigure.jdbc.DataSourceConfiguration$Hikari'
2026-03-06 12:05:59.649 [N/A] [] [main] DEBUG o.s.b.f.s.DefaultListableBeanFactory - Creating shared instance of singleton bean 'spring.datasource-org.springframework.boot.autoconfigure.jdbc.DataSourceProperties'
2026-03-06 12:05:59.670 [N/A] [] [main] DEBUG o.s.b.f.s.DefaultListableBeanFactory - Creating shared instance of singleton bean 'jdbcConnectionDetails'
2026-03-06 12:05:59.671 [N/A] [] [main] DEBUG o.s.b.f.s.DefaultListableBeanFactory - Creating shared instance of singleton bean 'org.springframework.boot.autoconfigure.jdbc.DataSourceAutoConfiguration$PooledDataSourceConfiguration'
2026-03-06 12:05:59.673 [N/A] [] [main] DEBUG o.s.b.f.s.DefaultListableBeanFactory - Autowiring by type from bean name 'jdbcConnectionDetails' via factory method to bean named 'spring.datasource-org.springframework.boot.autoconfigure.jdbc.DataSourceProperties'
2026-03-06 12:05:59.674 [N/A] [] [main] DEBUG o.s.b.f.s.DefaultListableBeanFactory - Autowiring by type from bean name 'dataSource' via factory method to bean named 'spring.datasource-org.springframework.boot.autoconfigure.jdbc.DataSourceProperties'
2026-03-06 12:05:59.675 [N/A] [] [main] DEBUG o.s.b.f.s.DefaultListableBeanFactory - Autowiring by type from bean name 'dataSource' via factory method to bean named 'jdbcConnectionDetails'
2026-03-06 12:05:59.738 [N/A] [] [main] DEBUG o.s.b.f.s.DefaultListableBeanFactory - Creating shared instance of singleton bean 'spring.sql.init-org.springframework.boot.autoconfigure.sql.init.SqlInitializationProperties'
2026-03-06 12:05:59.754 [N/A] [] [main] DEBUG o.s.b.f.s.DefaultListableBeanFactory - Autowiring by type from bean name 'dataSourceScriptDatabaseInitializer' via factory method to bean named 'dataSource'
2026-03-06 12:05:59.754 [N/A] [] [main] DEBUG o.s.b.f.s.DefaultListableBeanFactory - Autowiring by type from bean name 'dataSourceScriptDatabaseInitializer' via factory method to bean named 'spring.sql.init-org.springframework.boot.autoconfigure.sql.init.SqlInitializationProperties'
2026-03-06 12:05:59.776 [N/A] [] [main] DEBUG o.s.b.f.s.DefaultListableBeanFactory - Creating shared instance of singleton bean 'entityManagerFactory'
2026-03-06 12:05:59.781 [N/A] [] [main] DEBUG o.s.b.f.s.DefaultListableBeanFactory - Creating shared instance of singleton bean 'org.springframework.boot.autoconfigure.orm.jpa.HibernateJpaConfiguration'
2026-03-06 12:05:59.785 [N/A] [] [main] DEBUG o.s.b.f.s.DefaultListableBeanFactory - Creating shared instance of singleton bean 'spring.jpa-org.springframework.boot.autoconfigure.orm.jpa.JpaProperties'
2026-03-06 12:05:59.796 [N/A] [] [main] DEBUG o.s.b.f.s.DefaultListableBeanFactory - Creating shared instance of singleton bean 'spring.jpa.hibernate-org.springframework.boot.autoconfigure.orm.jpa.HibernateProperties'
2026-03-06 12:05:59.799 [N/A] [] [main] DEBUG o.s.b.f.s.DefaultListableBeanFactory - Autowiring by type from bean name 'org.springframework.boot.autoconfigure.orm.jpa.HibernateJpaConfiguration' via constructor to bean named 'dataSource'
2026-03-06 12:05:59.799 [N/A] [] [main] DEBUG o.s.b.f.s.DefaultListableBeanFactory - Autowiring by type from bean name 'org.springframework.boot.autoconfigure.orm.jpa.HibernateJpaConfiguration' via constructor to bean named 'spring.jpa-org.springframework.boot.autoconfigure.orm.jpa.JpaProperties'
2026-03-06 12:05:59.799 [N/A] [] [main] DEBUG o.s.b.f.s.DefaultListableBeanFactory - Autowiring by type from bean name 'org.springframework.boot.autoconfigure.orm.jpa.HibernateJpaConfiguration' via constructor to bean named 'org.springframework.beans.factory.support.DefaultListableBeanFactory@269f4bad'
2026-03-06 12:05:59.800 [N/A] [] [main] DEBUG o.s.b.f.s.DefaultListableBeanFactory - Autowiring by type from bean name 'org.springframework.boot.autoconfigure.orm.jpa.HibernateJpaConfiguration' via constructor to bean named 'spring.jpa.hibernate-org.springframework.boot.autoconfigure.orm.jpa.HibernateProperties'
2026-03-06 12:05:59.907 [N/A] [] [main] DEBUG o.s.b.f.s.DefaultListableBeanFactory - Creating shared instance of singleton bean 'hikariPoolDataSourceMetadataProvider'
2026-03-06 12:05:59.909 [N/A] [] [main] DEBUG o.s.b.f.s.DefaultListableBeanFactory - Creating shared instance of singleton bean 'org.springframework.boot.autoconfigure.jdbc.metadata.DataSourcePoolMetadataProvidersConfiguration$HikariPoolDataSourceMetadataProviderConfiguration'
2026-03-06 12:05:59.923 [N/A] [] [main] DEBUG o.s.b.f.s.DefaultListableBeanFactory - Creating shared instance of singleton bean 'entityManagerFactoryBuilder'
2026-03-06 12:05:59.926 [N/A] [] [main] DEBUG o.s.b.f.s.DefaultListableBeanFactory - Creating shared instance of singleton bean 'jpaVendorAdapter'
2026-03-06 12:05:59.960 [N/A] [] [main] DEBUG o.s.b.f.s.DefaultListableBeanFactory - Autowiring by type from bean name 'entityManagerFactoryBuilder' via factory method to bean named 'jpaVendorAdapter'
2026-03-06 12:05:59.967 [N/A] [] [main] DEBUG o.s.b.f.s.DefaultListableBeanFactory - Creating shared instance of singleton bean 'persistenceManagedTypes'
2026-03-06 12:05:59.970 [N/A] [] [main] DEBUG o.s.b.f.s.DefaultListableBeanFactory - Autowiring by type from bean name 'persistenceManagedTypes' via factory method to bean named 'org.springframework.beans.factory.support.DefaultListableBeanFactory@269f4bad'
2026-03-06 12:05:59.970 [N/A] [] [main] DEBUG o.s.b.f.s.DefaultListableBeanFactory - Autowiring by type from bean name 'persistenceManagedTypes' via factory method to bean named 'org.springframework.boot.web.servlet.context.AnnotationConfigServletWebServerApplicationContext@49c6c24f'
2026-03-06 12:06:00.000 [N/A] [] [main] DEBUG o.s.b.f.s.DefaultListableBeanFactory - Autowiring by type from bean name 'entityManagerFactory' via factory method to bean named 'entityManagerFactoryBuilder'
2026-03-06 12:06:00.000 [N/A] [] [main] DEBUG o.s.b.f.s.DefaultListableBeanFactory - Autowiring by type from bean name 'entityManagerFactory' via factory method to bean named 'persistenceManagedTypes'
2026-03-06 12:06:00.093 [N/A] [] [main] DEBUG o.s.o.j.LocalContainerEntityManagerFactoryBean - Building JPA container EntityManagerFactory for persistence unit 'default'
2026-03-06 12:06:00.154 [N/A] [] [main] INFO  o.h.jpa.internal.util.LogHelper - HHH000204: Processing PersistenceUnitInfo [name: default]
2026-03-06 12:06:00.373 [N/A] [] [main] INFO  org.hibernate.Version - HHH000412: Hibernate ORM core version 6.5.2.Final
2026-03-06 12:06:00.477 [N/A] [] [main] INFO  o.h.c.i.RegionFactoryInitiator - HHH000026: Second-level cache disabled
2026-03-06 12:06:01.300 [N/A] [] [main] INFO  o.s.o.j.p.SpringPersistenceUnitInfo - No LoadTimeWeaver setup: ignoring JPA class transformer
2026-03-06 12:06:01.370 [N/A] [] [main] INFO  com.zaxxer.hikari.HikariDataSource - HikariPool-1 - Starting...
2026-03-06 12:06:02.950 [N/A] [] [main] INFO  com.zaxxer.hikari.pool.HikariPool - HikariPool-1 - Added connection org.postgresql.jdbc.PgConnection@459bf87c
2026-03-06 12:06:02.952 [N/A] [] [main] INFO  com.zaxxer.hikari.HikariDataSource - HikariPool-1 - Start completed.
