[INFO] Scanning for projects...
[INFO] 
[INFO] -----------------------< com.taskmgmt:taskmgmt >------------------------
[INFO] Building TaskMgmt 1.0.0
[INFO]   from pom.xml
[INFO] --------------------------------[ jar ]---------------------------------
[INFO] 
[INFO] --- clean:3.3.2:clean (default-clean) @ taskmgmt ---
[INFO] Deleting C:\Users\laksh\taskmgmt\demo\target
[INFO] 
[INFO] --- resources:3.3.1:resources (default-resources) @ taskmgmt ---
[INFO] Copying 4 resources from src\main\resources to target\classes
[INFO] Copying 1 resource from src\main\resources to target\classes
[INFO] 
[INFO] --- compiler:3.13.0:compile (default-compile) @ taskmgmt ---
[INFO] Recompiling the module because of changed source code.
[INFO] Compiling 106 source files with javac [debug parameters release 17] to target\classes
[INFO] -------------------------------------------------------------
[ERROR] COMPILATION ERROR : 
[INFO] -------------------------------------------------------------
[ERROR] /C:/Users/laksh/taskmgmt/demo/src/main/java/com/telusko/demo/project/service/ProjectService.java:[185,20] cannot find symbol
  symbol:   method getProjectRoleId()
  location: variable request of type com.telusko.demo.project.dto.ProjectMemberRequest
[ERROR] /C:/Users/laksh/taskmgmt/demo/src/main/java/com/telusko/demo/project/service/ProjectService.java:[186,73] cannot find symbol
  symbol:   method getProjectRoleId()
  location: variable request of type com.telusko.demo.project.dto.ProjectMemberRequest
[ERROR] /C:/Users/laksh/taskmgmt/demo/src/main/java/com/telusko/demo/project/service/ProjectService.java:[206,20] cannot find symbol
  symbol:   method getProjectRoleId()
  location: variable request of type com.telusko.demo.project.dto.ProjectMemberRequest
[ERROR] /C:/Users/laksh/taskmgmt/demo/src/main/java/com/telusko/demo/project/service/ProjectService.java:[207,73] cannot find symbol
  symbol:   method getProjectRoleId()
  location: variable request of type com.telusko.demo.project.dto.ProjectMemberRequest
[INFO] 4 errors 
[INFO] -------------------------------------------------------------
[INFO] ------------------------------------------------------------------------
[INFO] BUILD FAILURE
[INFO] ------------------------------------------------------------------------
[INFO] Total time:  16.463 s
[INFO] Finished at: 2026-03-17T23:03:15+05:30
[INFO] ------------------------------------------------------------------------
[ERROR] Failed to execute goal org.apache.maven.plugins:maven-compiler-plugin:3.13.0:compile (default-compile) on project taskmgmt: Compilation failure: Compilation failure: 
[ERROR] /C:/Users/laksh/taskmgmt/demo/src/main/java/com/telusko/demo/project/service/ProjectService.java:[185,20] cannot find symbol
[ERROR]   symbol:   method getProjectRoleId()
[ERROR]   location: variable request of type com.telusko.demo.project.dto.ProjectMemberRequest
[ERROR] /C:/Users/laksh/taskmgmt/demo/src/main/java/com/telusko/demo/project/service/ProjectService.java:[186,73] cannot find symbol
[ERROR]   symbol:   method getProjectRoleId()
[ERROR]   location: variable request of type com.telusko.demo.project.dto.ProjectMemberRequest
[ERROR] /C:/Users/laksh/taskmgmt/demo/src/main/java/com/telusko/demo/project/service/ProjectService.java:[206,20] cannot find symbol
[ERROR]   symbol:   method getProjectRoleId()
[ERROR]   location: variable request of type com.telusko.demo.project.dto.ProjectMemberRequest
[ERROR] /C:/Users/laksh/taskmgmt/demo/src/main/java/com/telusko/demo/project/service/ProjectService.java:[207,73] cannot find symbol
[ERROR]   symbol:   method getProjectRoleId()
[ERROR]   location: variable request of type com.telusko.demo.project.dto.ProjectMemberRequest
[ERROR] -> [Help 1]
[ERROR] 
[ERROR] To see the full stack trace of the errors, re-run Maven with the -e switch.
[ERROR] Re-run Maven using the -X switch to enable full debug logging.
[ERROR] 
[ERROR] For more information about the errors and possible solutions, please read the following articles:
[ERROR] [Help 1] http://cwiki.apache.org/confluence/display/MAVEN/MojoFailureException
